api/advertisements.ts(2,10): error TS2305: Module '"../steps/advertisements/create.step"' has no exported member 'createAdvertisementStep'.
api/advertisements.ts(3,10): error TS2305: Module '"../steps/advertisements/delete.step"' has no exported member 'deleteAdvertisementStep'.
api/advertisements.ts(4,10): error TS2305: Module '"../steps/advertisements/get.step"' has no exported member 'getAdvertisementStep'.
api/advertisements.ts(5,10): error TS2305: Module '"../steps/advertisements/list.step"' has no exported member 'listAdvertisementsStep'.
api/advertisements.ts(6,10): error TS2305: Module '"../steps/advertisements/update.step"' has no exported member 'updateAdvertisementStep'.
api/announcements.ts(2,10): error TS2305: Module '"../steps/announcements/create.step"' has no exported member 'createAnnouncementStep'.
api/announcements.ts(3,10): error TS2305: Module '"../steps/announcements/delete.step"' has no exported member 'deleteAnnouncementStep'.
api/announcements.ts(4,10): error TS2305: Module '"../steps/announcements/get.step"' has no exported member 'getAnnouncementStep'.
api/announcements.ts(5,10): error TS2305: Module '"../steps/announcements/list.step"' has no exported member 'listAnnouncementsStep'.
api/announcements.ts(6,10): error TS2305: Module '"../steps/announcements/update.step"' has no exported member 'updateAnnouncementStep'.
api/events.ts(2,10): error TS2305: Module '"../steps/events/create.step"' has no exported member 'createEventStep'.
api/events.ts(3,10): error TS2305: Module '"../steps/events/delete.step"' has no exported member 'deleteEventStep'.
api/events.ts(4,10): error TS2305: Module '"../steps/events/get.step"' has no exported member 'getEventStep'.
api/events.ts(5,10): error TS2305: Module '"../steps/events/list.step"' has no exported member 'listEventsStep'.
api/events.ts(6,10): error TS2305: Module '"../steps/events/update.step"' has no exported member 'updateEventStep'.
api/facilities.ts(2,10): error TS2305: Module '"../steps/facilities/create.step"' has no exported member 'createFacilityStep'.
api/facilities.ts(3,10): error TS2305: Module '"../steps/facilities/delete.step"' has no exported member 'deleteFacilityStep'.
api/facilities.ts(4,10): error TS2305: Module '"../steps/facilities/get.step"' has no exported member 'getFacilityStep'.
api/facilities.ts(5,10): error TS2305: Module '"../steps/facilities/list.step"' has no exported member 'listFacilitiesStep'.
api/facilities.ts(6,10): error TS2305: Module '"../steps/facilities/update.step"' has no exported member 'updateFacilityStep'.
api/guards.ts(2,10): error TS2305: Module '"../steps/guards/create.step"' has no exported member 'createGuardStep'.
api/guards.ts(3,10): error TS2305: Module '"../steps/guards/delete.step"' has no exported member 'deleteGuardStep'.
api/guards.ts(4,10): error TS2305: Module '"../steps/guards/get.step"' has no exported member 'getGuardStep'.
api/guards.ts(5,10): error TS2305: Module '"../steps/guards/list.step"' has no exported member 'listGuardsStep'.
api/guards.ts(6,10): error TS2305: Module '"../steps/guards/update.step"' has no exported member 'updateGuardStep'.
middlewares/auth.middleware.ts(41,13): error TS2339: Property 'user' does not exist on type 'ApiRequest<unknown>'.
steps/advertisements/create.step.ts(18,32): error TS2339: Property 'CreateAdvertisement' does not exist on type 'Handlers'.
steps/advertisements/create.step.ts(18,64): error TS7006: Parameter 'req' implicitly has an 'any' type.
steps/advertisements/create.step.ts(18,71): error TS7031: Binding element 'logger' implicitly has an 'any' type.
steps/advertisements/delete.step.ts(17,32): error TS2339: Property 'DeleteAdvertisement' does not exist on type 'Handlers'.
steps/advertisements/delete.step.ts(17,64): error TS7006: Parameter 'req' implicitly has an 'any' type.
steps/advertisements/delete.step.ts(17,71): error TS7031: Binding element 'logger' implicitly has an 'any' type.
steps/advertisements/get.step.ts(19,32): error TS2339: Property 'GetAdvertisement' does not exist on type 'Handlers'.
steps/advertisements/get.step.ts(19,61): error TS7006: Parameter 'req' implicitly has an 'any' type.
steps/advertisements/get.step.ts(19,68): error TS7031: Binding element 'logger' implicitly has an 'any' type.
steps/advertisements/list.step.ts(18,32): error TS2339: Property 'ListAdvertisements' does not exist on type 'Handlers'.
steps/advertisements/list.step.ts(18,63): error TS7006: Parameter 'req' implicitly has an 'any' type.
steps/advertisements/list.step.ts(18,70): error TS7031: Binding element 'logger' implicitly has an 'any' type.
steps/advertisements/update.step.ts(20,32): error TS2339: Property 'UpdateAdvertisement' does not exist on type 'Handlers'.
steps/advertisements/update.step.ts(20,64): error TS7006: Parameter 'req' implicitly has an 'any' type.
steps/advertisements/update.step.ts(20,71): error TS7031: Binding element 'logger' implicitly has an 'any' type.
steps/announcements/create.step.ts(18,32): error TS2339: Property 'CreateAnnouncement' does not exist on type 'Handlers'.
steps/announcements/create.step.ts(18,63): error TS7006: Parameter 'req' implicitly has an 'any' type.
steps/announcements/create.step.ts(18,70): error TS7031: Binding element 'logger' implicitly has an 'any' type.
steps/announcements/delete.step.ts(17,32): error TS2339: Property 'DeleteAnnouncement' does not exist on type 'Handlers'.
steps/announcements/delete.step.ts(17,63): error TS7006: Parameter 'req' implicitly has an 'any' type.
steps/announcements/delete.step.ts(17,70): error TS7031: Binding element 'logger' implicitly has an 'any' type.
steps/announcements/get.step.ts(19,32): error TS2339: Property 'GetAnnouncement' does not exist on type 'Handlers'.
steps/announcements/get.step.ts(19,60): error TS7006: Parameter 'req' implicitly has an 'any' type.
steps/announcements/get.step.ts(19,67): error TS7031: Binding element 'logger' implicitly has an 'any' type.
steps/announcements/list.step.ts(18,32): error TS2339: Property 'ListAnnouncements' does not exist on type 'Handlers'.
steps/announcements/list.step.ts(18,62): error TS7006: Parameter 'req' implicitly has an 'any' type.
steps/announcements/list.step.ts(18,69): error TS7031: Binding element 'logger' implicitly has an 'any' type.
steps/announcements/update.step.ts(20,32): error TS2339: Property 'UpdateAnnouncement' does not exist on type 'Handlers'.
steps/announcements/update.step.ts(20,63): error TS7006: Parameter 'req' implicitly has an 'any' type.
steps/announcements/update.step.ts(20,70): error TS7031: Binding element 'logger' implicitly has an 'any' type.
steps/events/create.step.ts(18,32): error TS2339: Property 'CreateEvent' does not exist on type 'Handlers'.
steps/events/create.step.ts(18,56): error TS7006: Parameter 'req' implicitly has an 'any' type.
steps/events/create.step.ts(18,63): error TS7031: Binding element 'logger' implicitly has an 'any' type.
steps/events/delete.step.ts(17,32): error TS2339: Property 'DeleteEvent' does not exist on type 'Handlers'.
steps/events/delete.step.ts(17,56): error TS7006: Parameter 'req' implicitly has an 'any' type.
steps/events/delete.step.ts(17,63): error TS7031: Binding element 'logger' implicitly has an 'any' type.
steps/events/get.step.ts(19,32): error TS2339: Property 'GetEvent' does not exist on type 'Handlers'.
steps/events/get.step.ts(19,53): error TS7006: Parameter 'req' implicitly has an 'any' type.
steps/events/get.step.ts(19,60): error TS7031: Binding element 'logger' implicitly has an 'any' type.
steps/events/list.step.ts(18,32): error TS2339: Property 'ListEvents' does not exist on type 'Handlers'.
steps/events/list.step.ts(18,55): error TS7006: Parameter 'req' implicitly has an 'any' type.
steps/events/list.step.ts(18,62): error TS7031: Binding element 'logger' implicitly has an 'any' type.
steps/events/update.step.ts(20,32): error TS2339: Property 'UpdateEvent' does not exist on type 'Handlers'.
steps/events/update.step.ts(20,56): error TS7006: Parameter 'req' implicitly has an 'any' type.
steps/events/update.step.ts(20,63): error TS7031: Binding element 'logger' implicitly has an 'any' type.
steps/facilities/create.step.ts(18,32): error TS2339: Property 'CreateFacility' does not exist on type 'Handlers'.
steps/facilities/create.step.ts(18,59): error TS7006: Parameter 'req' implicitly has an 'any' type.
steps/facilities/create.step.ts(18,66): error TS7031: Binding element 'logger' implicitly has an 'any' type.
steps/facilities/delete.step.ts(17,32): error TS2339: Property 'DeleteFacility' does not exist on type 'Handlers'.
steps/facilities/delete.step.ts(17,59): error TS7006: Parameter 'req' implicitly has an 'any' type.
steps/facilities/delete.step.ts(17,66): error TS7031: Binding element 'logger' implicitly has an 'any' type.
steps/facilities/get.step.ts(19,32): error TS2339: Property 'GetFacility' does not exist on type 'Handlers'.
steps/facilities/get.step.ts(19,56): error TS7006: Parameter 'req' implicitly has an 'any' type.
steps/facilities/get.step.ts(19,63): error TS7031: Binding element 'logger' implicitly has an 'any' type.
steps/facilities/list.step.ts(18,32): error TS2339: Property 'ListFacilities' does not exist on type 'Handlers'.
steps/facilities/list.step.ts(18,59): error TS7006: Parameter 'req' implicitly has an 'any' type.
steps/facilities/list.step.ts(18,66): error TS7031: Binding element 'logger' implicitly has an 'any' type.
steps/facilities/update.step.ts(20,32): error TS2339: Property 'UpdateFacility' does not exist on type 'Handlers'.
steps/facilities/update.step.ts(20,59): error TS7006: Parameter 'req' implicitly has an 'any' type.
steps/facilities/update.step.ts(20,66): error TS7031: Binding element 'logger' implicitly has an 'any' type.
steps/guards/create.step.ts(18,32): error TS2339: Property 'CreateGuard' does not exist on type 'Handlers'.
steps/guards/create.step.ts(18,56): error TS7006: Parameter 'req' implicitly has an 'any' type.
steps/guards/create.step.ts(18,63): error TS7031: Binding element 'logger' implicitly has an 'any' type.
steps/guards/delete.step.ts(17,32): error TS2339: Property 'DeleteGuard' does not exist on type 'Handlers'.
steps/guards/delete.step.ts(17,56): error TS7006: Parameter 'req' implicitly has an 'any' type.
steps/guards/delete.step.ts(17,63): error TS7031: Binding element 'logger' implicitly has an 'any' type.
steps/guards/get.step.ts(19,32): error TS2339: Property 'GetGuard' does not exist on type 'Handlers'.
steps/guards/get.step.ts(19,53): error TS7006: Parameter 'req' implicitly has an 'any' type.
steps/guards/get.step.ts(19,60): error TS7031: Binding element 'logger' implicitly has an 'any' type.
steps/guards/list.step.ts(18,32): error TS2339: Property 'ListGuards' does not exist on type 'Handlers'.
steps/guards/list.step.ts(18,55): error TS7006: Parameter 'req' implicitly has an 'any' type.
steps/guards/list.step.ts(18,62): error TS7031: Binding element 'logger' implicitly has an 'any' type.
steps/guards/update.step.ts(20,32): error TS2339: Property 'UpdateGuard' does not exist on type 'Handlers'.
steps/guards/update.step.ts(20,56): error TS7006: Parameter 'req' implicitly has an 'any' type.
steps/guards/update.step.ts(20,63): error TS7031: Binding element 'logger' implicitly has an 'any' type.
steps/me.step.ts(17,27): error TS2339: Property 'user' does not exist on type 'ApiRequest<Record<string, unknown>>'.
steps/offers/create.step.ts(2,26): error TS2306: File 'D:/ZNZ/Zamo/engine/services/offer.service.ts' is not a module.
steps/offers/create.step.ts(18,32): error TS2339: Property 'CreateOffer' does not exist on type 'Handlers'.
steps/offers/create.step.ts(18,56): error TS7006: Parameter 'req' implicitly has an 'any' type.
steps/offers/create.step.ts(18,63): error TS7031: Binding element 'logger' implicitly has an 'any' type.
steps/offers/delete.step.ts(2,26): error TS2306: File 'D:/ZNZ/Zamo/engine/services/offer.service.ts' is not a module.
steps/offers/delete.step.ts(17,32): error TS2339: Property 'DeleteOffer' does not exist on type 'Handlers'.
steps/offers/delete.step.ts(17,56): error TS7006: Parameter 'req' implicitly has an 'any' type.
steps/offers/delete.step.ts(17,63): error TS7031: Binding element 'logger' implicitly has an 'any' type.
steps/offers/get.step.ts(2,26): error TS2306: File 'D:/ZNZ/Zamo/engine/services/offer.service.ts' is not a module.
steps/offers/get.step.ts(19,32): error TS2339: Property 'GetOffer' does not exist on type 'Handlers'.
steps/offers/get.step.ts(19,53): error TS7006: Parameter 'req' implicitly has an 'any' type.
steps/offers/get.step.ts(19,60): error TS7031: Binding element 'logger' implicitly has an 'any' type.
steps/offers/list.step.ts(2,26): error TS2306: File 'D:/ZNZ/Zamo/engine/services/offer.service.ts' is not a module.
steps/offers/list.step.ts(18,32): error TS2339: Property 'ListOffers' does not exist on type 'Handlers'.
steps/offers/list.step.ts(18,55): error TS7006: Parameter 'req' implicitly has an 'any' type.
steps/offers/list.step.ts(18,62): error TS7031: Binding element 'logger' implicitly has an 'any' type.
steps/offers/update.step.ts(2,26): error TS2306: File 'D:/ZNZ/Zamo/engine/services/offer.service.ts' is not a module.
steps/offers/update.step.ts(20,32): error TS2339: Property 'UpdateOffer' does not exist on type 'Handlers'.
steps/offers/update.step.ts(20,56): error TS7006: Parameter 'req' implicitly has an 'any' type.
steps/offers/update.step.ts(20,63): error TS7031: Binding element 'logger' implicitly has an 'any' type.
steps/profiles/create.step.ts(2,28): error TS2306: File 'D:/ZNZ/Zamo/engine/services/profile.service.ts' is not a module.
steps/profiles/create.step.ts(18,32): error TS2339: Property 'CreateProfile' does not exist on type 'Handlers'.
steps/profiles/create.step.ts(18,58): error TS7006: Parameter 'req' implicitly has an 'any' type.
steps/profiles/create.step.ts(18,65): error TS7031: Binding element 'logger' implicitly has an 'any' type.
steps/profiles/delete.step.ts(2,28): error TS2306: File 'D:/ZNZ/Zamo/engine/services/profile.service.ts' is not a module.
steps/profiles/delete.step.ts(17,32): error TS2339: Property 'DeleteProfile' does not exist on type 'Handlers'.
steps/profiles/delete.step.ts(17,58): error TS7006: Parameter 'req' implicitly has an 'any' type.
steps/profiles/delete.step.ts(17,65): error TS7031: Binding element 'logger' implicitly has an 'any' type.
steps/profiles/get.step.ts(2,28): error TS2306: File 'D:/ZNZ/Zamo/engine/services/profile.service.ts' is not a module.
steps/profiles/get.step.ts(19,32): error TS2339: Property 'GetProfile' does not exist on type 'Handlers'.
steps/profiles/get.step.ts(19,55): error TS7006: Parameter 'req' implicitly has an 'any' type.
steps/profiles/get.step.ts(19,62): error TS7031: Binding element 'logger' implicitly has an 'any' type.
steps/profiles/list.step.ts(2,28): error TS2306: File 'D:/ZNZ/Zamo/engine/services/profile.service.ts' is not a module.
steps/profiles/list.step.ts(18,32): error TS2339: Property 'ListProfiles' does not exist on type 'Handlers'.
steps/profiles/list.step.ts(18,57): error TS7006: Parameter 'req' implicitly has an 'any' type.
steps/profiles/list.step.ts(18,64): error TS7031: Binding element 'logger' implicitly has an 'any' type.
steps/profiles/update.step.ts(2,28): error TS2306: File 'D:/ZNZ/Zamo/engine/services/profile.service.ts' is not a module.
steps/profiles/update.step.ts(20,32): error TS2339: Property 'UpdateProfile' does not exist on type 'Handlers'.
steps/profiles/update.step.ts(20,58): error TS7006: Parameter 'req' implicitly has an 'any' type.
steps/profiles/update.step.ts(20,65): error TS7031: Binding element 'logger' implicitly has an 'any' type.
steps/properties/create.step.ts(2,29): error TS2306: File 'D:/ZNZ/Zamo/engine/services/property.service.ts' is not a module.
steps/properties/create.step.ts(18,32): error TS2339: Property 'CreateProperty' does not exist on type 'Handlers'.
steps/properties/create.step.ts(18,59): error TS7006: Parameter 'req' implicitly has an 'any' type.
steps/properties/create.step.ts(18,66): error TS7031: Binding element 'logger' implicitly has an 'any' type.
steps/properties/delete.step.ts(2,29): error TS2306: File 'D:/ZNZ/Zamo/engine/services/property.service.ts' is not a module.
steps/properties/delete.step.ts(17,32): error TS2339: Property 'DeleteProperty' does not exist on type 'Handlers'.
steps/properties/delete.step.ts(17,59): error TS7006: Parameter 'req' implicitly has an 'any' type.
steps/properties/delete.step.ts(17,66): error TS7031: Binding element 'logger' implicitly has an 'any' type.
steps/properties/get.step.ts(2,29): error TS2306: File 'D:/ZNZ/Zamo/engine/services/property.service.ts' is not a module.
steps/properties/get.step.ts(19,32): error TS2339: Property 'GetProperty' does not exist on type 'Handlers'.
steps/properties/get.step.ts(19,56): error TS7006: Parameter 'req' implicitly has an 'any' type.
steps/properties/get.step.ts(19,63): error TS7031: Binding element 'logger' implicitly has an 'any' type.
steps/properties/list.step.ts(2,29): error TS2306: File 'D:/ZNZ/Zamo/engine/services/property.service.ts' is not a module.
steps/properties/list.step.ts(18,32): error TS2339: Property 'ListProperties' does not exist on type 'Handlers'.
steps/properties/list.step.ts(18,59): error TS7006: Parameter 'req' implicitly has an 'any' type.
steps/properties/list.step.ts(18,66): error TS7031: Binding element 'logger' implicitly has an 'any' type.
steps/properties/update.step.ts(2,29): error TS2306: File 'D:/ZNZ/Zamo/engine/services/property.service.ts' is not a module.
steps/properties/update.step.ts(20,32): error TS2339: Property 'UpdateProperty' does not exist on type 'Handlers'.
steps/properties/update.step.ts(20,59): error TS7006: Parameter 'req' implicitly has an 'any' type.
steps/properties/update.step.ts(20,66): error TS7031: Binding element 'logger' implicitly has an 'any' type.
steps/residents/create.step.ts(2,29): error TS2306: File 'D:/ZNZ/Zamo/engine/services/resident.service.ts' is not a module.
steps/residents/create.step.ts(18,32): error TS2339: Property 'CreateResident' does not exist on type 'Handlers'.
steps/residents/create.step.ts(18,59): error TS7006: Parameter 'req' implicitly has an 'any' type.
steps/residents/create.step.ts(18,66): error TS7031: Binding element 'logger' implicitly has an 'any' type.
steps/residents/delete.step.ts(2,29): error TS2306: File 'D:/ZNZ/Zamo/engine/services/resident.service.ts' is not a module.
steps/residents/delete.step.ts(17,32): error TS2339: Property 'DeleteResident' does not exist on type 'Handlers'.
steps/residents/delete.step.ts(17,59): error TS7006: Parameter 'req' implicitly has an 'any' type.
steps/residents/delete.step.ts(17,66): error TS7031: Binding element 'logger' implicitly has an 'any' type.
steps/residents/get.step.ts(2,29): error TS2306: File 'D:/ZNZ/Zamo/engine/services/resident.service.ts' is not a module.
steps/residents/get.step.ts(19,32): error TS2339: Property 'GetResident' does not exist on type 'Handlers'.
steps/residents/get.step.ts(19,56): error TS7006: Parameter 'req' implicitly has an 'any' type.
steps/residents/get.step.ts(19,63): error TS7031: Binding element 'logger' implicitly has an 'any' type.
steps/residents/list.step.ts(2,29): error TS2306: File 'D:/ZNZ/Zamo/engine/services/resident.service.ts' is not a module.
steps/residents/list.step.ts(18,32): error TS2339: Property 'ListResidents' does not exist on type 'Handlers'.
steps/residents/list.step.ts(18,58): error TS7006: Parameter 'req' implicitly has an 'any' type.
steps/residents/list.step.ts(18,65): error TS7031: Binding element 'logger' implicitly has an 'any' type.
steps/residents/update.step.ts(2,29): error TS2306: File 'D:/ZNZ/Zamo/engine/services/resident.service.ts' is not a module.
steps/residents/update.step.ts(20,32): error TS2339: Property 'UpdateResident' does not exist on type 'Handlers'.
steps/residents/update.step.ts(20,59): error TS7006: Parameter 'req' implicitly has an 'any' type.
steps/residents/update.step.ts(20,66): error TS7031: Binding element 'logger' implicitly has an 'any' type.
steps/visitors/create.step.ts(2,28): error TS2306: File 'D:/ZNZ/Zamo/engine/services/visitor.service.ts' is not a module.
steps/visitors/create.step.ts(18,32): error TS2339: Property 'CreateVisitor' does not exist on type 'Handlers'.
steps/visitors/create.step.ts(18,58): error TS7006: Parameter 'req' implicitly has an 'any' type.
steps/visitors/create.step.ts(18,65): error TS7031: Binding element 'logger' implicitly has an 'any' type.
steps/visitors/delete.step.ts(2,28): error TS2306: File 'D:/ZNZ/Zamo/engine/services/visitor.service.ts' is not a module.
steps/visitors/delete.step.ts(17,32): error TS2339: Property 'DeleteVisitor' does not exist on type 'Handlers'.
steps/visitors/delete.step.ts(17,58): error TS7006: Parameter 'req' implicitly has an 'any' type.
steps/visitors/delete.step.ts(17,65): error TS7031: Binding element 'logger' implicitly has an 'any' type.
steps/visitors/get.step.ts(2,28): error TS2306: File 'D:/ZNZ/Zamo/engine/services/visitor.service.ts' is not a module.
steps/visitors/get.step.ts(19,32): error TS2339: Property 'GetVisitor' does not exist on type 'Handlers'.
steps/visitors/get.step.ts(19,55): error TS7006: Parameter 'req' implicitly has an 'any' type.
steps/visitors/get.step.ts(19,62): error TS7031: Binding element 'logger' implicitly has an 'any' type.
steps/visitors/list.step.ts(2,28): error TS2306: File 'D:/ZNZ/Zamo/engine/services/visitor.service.ts' is not a module.
steps/visitors/list.step.ts(18,32): error TS2339: Property 'ListVisitors' does not exist on type 'Handlers'.
steps/visitors/list.step.ts(18,57): error TS7006: Parameter 'req' implicitly has an 'any' type.
steps/visitors/list.step.ts(18,64): error TS7031: Binding element 'logger' implicitly has an 'any' type.
steps/visitors/update.step.ts(2,28): error TS2306: File 'D:/ZNZ/Zamo/engine/services/visitor.service.ts' is not a module.
steps/visitors/update.step.ts(20,32): error TS2339: Property 'UpdateVisitor' does not exist on type 'Handlers'.
steps/visitors/update.step.ts(20,58): error TS7006: Parameter 'req' implicitly has an 'any' type.
steps/visitors/update.step.ts(20,65): error TS7031: Binding element 'logger' implicitly has an 'any' type.
steps/vouchers/create.step.ts(2,28): error TS2306: File 'D:/ZNZ/Zamo/engine/services/voucher.service.ts' is not a module.
steps/vouchers/create.step.ts(18,32): error TS2339: Property 'CreateVoucher' does not exist on type 'Handlers'.
steps/vouchers/create.step.ts(18,58): error TS7006: Parameter 'req' implicitly has an 'any' type.
steps/vouchers/create.step.ts(18,65): error TS7031: Binding element 'logger' implicitly has an 'any' type.
steps/vouchers/delete.step.ts(2,28): error TS2306: File 'D:/ZNZ/Zamo/engine/services/voucher.service.ts' is not a module.
steps/vouchers/delete.step.ts(17,32): error TS2339: Property 'DeleteVoucher' does not exist on type 'Handlers'.
steps/vouchers/delete.step.ts(17,58): error TS7006: Parameter 'req' implicitly has an 'any' type.
steps/vouchers/delete.step.ts(17,65): error TS7031: Binding element 'logger' implicitly has an 'any' type.
steps/vouchers/get.step.ts(2,28): error TS2306: File 'D:/ZNZ/Zamo/engine/services/voucher.service.ts' is not a module.
steps/vouchers/get.step.ts(19,32): error TS2339: Property 'GetVoucher' does not exist on type 'Handlers'.
steps/vouchers/get.step.ts(19,55): error TS7006: Parameter 'req' implicitly has an 'any' type.
steps/vouchers/get.step.ts(19,62): error TS7031: Binding element 'logger' implicitly has an 'any' type.
steps/vouchers/list.step.ts(2,28): error TS2306: File 'D:/ZNZ/Zamo/engine/services/voucher.service.ts' is not a module.
steps/vouchers/list.step.ts(18,32): error TS2339: Property 'ListVouchers' does not exist on type 'Handlers'.
steps/vouchers/list.step.ts(18,57): error TS7006: Parameter 'req' implicitly has an 'any' type.
steps/vouchers/list.step.ts(18,64): error TS7031: Binding element 'logger' implicitly has an 'any' type.
steps/vouchers/update.step.ts(2,28): error TS2306: File 'D:/ZNZ/Zamo/engine/services/voucher.service.ts' is not a module.
steps/vouchers/update.step.ts(20,32): error TS2339: Property 'UpdateVoucher' does not exist on type 'Handlers'.
steps/vouchers/update.step.ts(20,58): error TS7006: Parameter 'req' implicitly has an 'any' type.
steps/vouchers/update.step.ts(20,65): error TS7031: Binding element 'logger' implicitly has an 'any' type.
